BSS = 4c888
start kern info = 90000
Creating kernel heap: start=102000, size=1048576
527232KB memory detected, 130362 pages in freelist, 1048576 bytes in kernel heap
Initializing IDT...
Init_SMP
Initializing SMP...
found CPU#0 with APIC id #0
found IO APIC ID=0 at fec00000
/Init_SMP
apic counted down to fff676b7
cpu freq = 1004348800
Initializing timer...
Initializing keyboard...
Initializing DMA Controller...
Initializing IDE controller...
ide: probe found ATA drive:     ide0: cyl=40, heads=16, sectors=63
ide: found no drive 1
the global lock is not held.
Registering paging device: /c/pagefile.bin on ide0 with 10240 sectors
Mounted /c filesystem!
Never gonna give you up!
Welcome to GeekOS!
Spawning init process (/c/shell.exe)
$ exe[25;5f[25;4f[25;3f\
Could not spawn process: No such file or directory
$ fi[25;4f[25;3f
$ forkexec
waiting for  8
I am the b program
Arg 0 is b
Arg 1 is program
Arg 2 is argument
The child exited 1
$ 